• turbo 2.8.3
 WARNING  Unable to calculate transitive closures: Workspace 'plugins/harness-home' not found in lockfile.
• Packages in scope: @bb/integration-tests
• Running e2e:mobile-backend in 1 packages
• Remote caching disabled
//:ensure-native-modules: cache bypass, force executing 5e97c81af5f1ef4f
@bb/templates:generate:plugin-scaffold: cache hit, replaying logs 41c606f031f9c426
@bb/templates:generate:plugin-scaffold: 
@bb/templates:generate:plugin-scaffold: > @bb/templates@0.0.1 generate:plugin-scaffold /Users/timcao/workspace/nextloop/bb-fork/packages/templates
@bb/templates:generate:plugin-scaffold: > node ./scripts/generate-plugin-scaffold.mjs
@bb/templates:generate:plugin-scaffold: 
@bb/templates:generate:templates: cache hit, replaying logs 973e6104889119e3
@bb/templates:generate:templates: 
@bb/templates:generate:templates: > @bb/templates@0.0.1 generate:templates /Users/timcao/workspace/nextloop/bb-fork/packages/templates
@bb/templates:generate:templates: > node ./scripts/generate-templates.mjs
@bb/templates:generate:templates: 
@bb/plugin-build:generate: cache hit, replaying logs 1e4ab6ea2024243e
@bb/plugin-build:generate: 
@bb/plugin-build:generate: > @bb/plugin-build@0.0.1 generate /Users/timcao/workspace/nextloop/bb-fork/packages/plugin-build
@bb/plugin-build:generate: > node ./scripts/generate-plugin-theme.mjs && node ./scripts/generate-runtime-export-manifest.mjs
@bb/plugin-build:generate: 
@bb/plugin-build:generate: plugin-theme.generated.ts up to date
@bb/plugin-build:generate: wrote /Users/timcao/workspace/nextloop/bb-fork/packages/plugin-build/src/generated/runtime-export-manifest.generated.ts (react@19.2.4)
@bb/server:generate:bb-official-marketplace: cache hit, replaying logs 83aeced7ef197b85
@bb/server:generate:bb-official-marketplace: 
@bb/server:generate:bb-official-marketplace: > @bb/server@0.0.1 generate:bb-official-marketplace /Users/timcao/workspace/nextloop/bb-fork/apps/server
@bb/server:generate:bb-official-marketplace: > node --conditions=source --import tsx scripts/generate-bb-official-marketplace.ts
@bb/server:generate:bb-official-marketplace: 
@get-bb/plugin-sdk:build:types: cache hit, replaying logs 3553efdede9d6cb1
@get-bb/plugin-sdk:build:types: 
@get-bb/plugin-sdk:build:types: > @get-bb/plugin-sdk@0.4.40 build:types /Users/timcao/workspace/nextloop/bb-fork/packages/plugin-sdk
@get-bb/plugin-sdk:build:types: > node scripts/build-bundled-dts.mjs
@get-bb/plugin-sdk:build:types: 
@get-bb/plugin-sdk:build:types: Unchanged bundled-types/bb-plugin-sdk.d.ts
@get-bb/plugin-sdk:build:types: Unchanged bundled-types/bb-plugin-sdk-app.d.ts
@get-bb/plugin-sdk:build:types: Unchanged bundled-types/bb-plugin-sdk-provider-bridge.d.ts
@get-bb/plugin-sdk:build:types: Unchanged bundled-types/bb-plugin-sdk-ai-services.d.ts
@get-bb/plugin-sdk:build:types: Unchanged bundled-types/bb-plugin-sdk-provider-bridge-testing.d.ts
@get-bb/plugin-sdk:build:types: Unchanged bundled-types/bb-plugin-sdk-provider-bridge-acp.d.ts
@get-bb/plugin-sdk:build:types: Unchanged bundled-types/bb-plugin-sdk-host.d.ts
@get-bb/plugin-sdk:build:types: Unchanged bundled-types/bb-plugin-sdk-internal-composer-customization-validation.d.ts
@get-bb/plugin-sdk:build:types: Unchanged bundled-types/bb-plugin-sdk-internal-composer-view.d.ts
@get-bb/plugin-sdk:build:types: Unchanged bundled-types/bb-plugin-sdk-internal-file-navigation-validation.d.ts
@get-bb/plugin-sdk:build:types: Unchanged bundled-types/bb-plugin-sdk-internal-host-policy.d.ts
@get-bb/plugin-sdk:build:types: Unchanged bundled-types/bb-plugin-sdk-internal-plugin-app-collector.d.ts
@get-bb/plugin-sdk:build:types: Unchanged bundled-types/bb-plugin-sdk-testing.d.ts
@get-bb/plugin-sdk:build:types: Unchanged bundled-types/bb-plugin-sdk-testing-app.d.ts
@get-bb/plugin-sdk:build:types: Unchanged bundled-types/bb-plugin-sdk-testing-host.d.ts
@get-bb/plugin-sdk:build: cache hit, replaying logs 68a7a207b5a8016a
@get-bb/plugin-sdk:build: 
@get-bb/plugin-sdk:build: > @get-bb/plugin-sdk@0.4.40 build /Users/timcao/workspace/nextloop/bb-fork/packages/plugin-sdk
@get-bb/plugin-sdk:build: > node scripts/build-runtime.mjs
@get-bb/plugin-sdk:build: 
@get-bb/plugin-sdk:build: Built 17 @get-bb/plugin-sdk runtime entries.
//:ensure-native-modules: 
//:ensure-native-modules: > bb@ ensure-native-modules /Users/timcao/workspace/nextloop/bb-fork
//:ensure-native-modules: > node scripts/ensure-native-modules.mjs
//:ensure-native-modules: 
@bb/integration-tests:e2e:mobile-backend: cache bypass, force executing 096e31be26d9737d
@bb/integration-tests:e2e:mobile-backend: 
@bb/integration-tests:e2e:mobile-backend: > @bb/integration-tests@0.0.1 e2e:mobile-backend /Users/timcao/workspace/nextloop/bb-fork/tests/integration
@bb/integration-tests:e2e:mobile-backend: > cross-env NODE_ENV=test node --conditions=source --import tsx mobile-e2e/backend.ts
@bb/integration-tests:e2e:mobile-backend: 
@bb/integration-tests:e2e:mobile-backend: (node:40936) ExperimentalWarning: SQLite is an experimental feature and might change at any time
@bb/integration-tests:e2e:mobile-backend: (Use `node --trace-warnings ...` to show where the warning was created)
@bb/integration-tests:e2e:mobile-backend: {"hostId":"49c3e107-59e7-485c-8199-a3e7d6e23b35","projectId":"proj_veufq5qs8b","serverUrl":"http://127.0.0.1:41999","threads":{"completed":"thr_gz93ntii9e","idle":"thr_bd9pudw63r","rich":"thr_wg28gznqif","rows":"thr_azzbitynrg"}}
@bb/integration-tests:e2e:mobile-backend: mobile-e2e backend ready at http://127.0.0.1:41999 (Ctrl-C to stop)
